// Jest Snapshot v1, https://goo.gl/fbAQLP

exports[`Header component should match snapshot 1`] = `
<div>
  <header
    class="header"
  >
    <button
      aria-label="Switch to light theme"
      class="button secondary small"
    >
      <svg
        class="lucide lucide-sun"
        fill="none"
        height="24"
        stroke="currentColor"
        stroke-linecap="round"
        stroke-linejoin="round"
        stroke-width="2"
        viewBox="0 0 24 24"
        width="24"
        xmlns="http://www.w3.org/2000/svg"
      >
        <circle
          cx="12"
          cy="12"
          r="4"
        />
        <path
          d="M12 2v2"
        />
        <path
          d="M12 20v2"
        />
        <path
          d="m4.93 4.93 1.41 1.41"
        />
        <path
          d="m17.66 17.66 1.41 1.41"
        />
        <path
          d="M2 12h2"
        />
        <path
          d="M20 12h2"
        />
        <path
          d="m6.34 17.66-1.41 1.41"
        />
        <path
          d="m19.07 4.93-1.41 1.41"
        />
      </svg>
    </button>
  </header>
</div>
`;

exports[`Title component should match snapshot 1`] = `
<div>
  <header
    class="header"
  >
    <button
      aria-label="Switch to light theme"
      class="button secondary small"
    >
      <svg
        class="lucide lucide-sun"
        fill="none"
        height="24"
        stroke="currentColor"
        stroke-linecap="round"
        stroke-linejoin="round"
        stroke-width="2"
        viewBox="0 0 24 24"
        width="24"
        xmlns="http://www.w3.org/2000/svg"
      >
        <circle
          cx="12"
          cy="12"
          r="4"
        />
        <path
          d="M12 2v2"
        />
        <path
          d="M12 20v2"
        />
        <path
          d="m4.93 4.93 1.41 1.41"
        />
        <path
          d="m17.66 17.66 1.41 1.41"
        />
        <path
          d="M2 12h2"
        />
        <path
          d="M20 12h2"
        />
        <path
          d="m6.34 17.66-1.41 1.41"
        />
        <path
          d="m19.07 4.93-1.41 1.41"
        />
      </svg>
    </button>
  </header>
</div>
`;
