// Jest Snapshot v1, https://goo.gl/fbAQLP

exports[`Title component should match snapshot 1`] = `
<div>
  <h1
    class="title align-left size-xl weight-bold color-primary"
  >
    Hello World
  </h1>
</div>
`;
